sections
0a00 - 5d4f : DATA, code
5d4f - 6db2 : DATA, data
6db2 - 6e8a : BSS, bss
6e8a - 9000 : HEAP, heap
9000 - 9fa9 : STACK, stack
0801 - 087d : DATA, startup
0900 - 0900 : DATA, bytecode
a000 - a000 : SSTACK, malloc
a000 - a000 : SSTACK, memcpy
a000 - a000 : SSTACK, vic_setbank
a000 - a000 : SSTACK, cwin_init
a000 - a000 : SSTACK, fill_fwd
a000 - a000 : SSTACK, cwin_fill
a000 - a000 : SSTACK, cwin_clear
a000 - a000 : SSTACK, initsidrandom
a000 - a000 : SSTACK, corral
a000 - a000 : SSTACK, gotoxy
a000 - a000 : SSTACK, puts
a000 - a000 : SSTACK, nforml
9ffc - a000 : SSTACK, isinf
9ffc - 9ffc : SSTACK, nformf
9ff4 - 9ffc : SSTACK, sformat
9fc2 - 9ff4 : SSTACK, printf
a000 - a000 : SSTACK, cwin_putat_string
a000 - a000 : SSTACK, delete
a000 - a000 : SSTACK, memclr
a000 - a000 : SSTACK, calloc
a000 - a000 : SSTACK, atoi
9fa9 - 9fc2 : SSTACK, insertFirst
a000 - a000 : SSTACK, strlen
a000 - a000 : SSTACK, copy_fwd
a000 - a000 : SSTACK, cwin_scroll_up
a000 - a000 : SSTACK, cwin_fill_rect_raw
a000 - a000 : SSTACK, checkScroll
a000 - a000 : SSTACK, printLn
a000 - a000 : SSTACK, cwin_put_string
a000 - a000 : SSTACK, print
a000 - a000 : SSTACK, find
a000 - a000 : SSTACK, itoa
a000 - a000 : SSTACK, cwin_putat_char
a000 - a000 : SSTACK, cwin_put_char
9fa9 - 9fc2 : SSTACK, reversem
9fa9 - 9fc2 : SSTACK, gradeup
9fa9 - 9fc2 : SSTACK, gradedown
a000 - a000 : SSTACK, krnio_setnam
a000 - a000 : SSTACK, krnio_open
a000 - a000 : SSTACK, krnio_chkout
a000 - a000 : SSTACK, krnio_chrout
a000 - a000 : SSTACK, krnio_clrchn
a000 - a000 : SSTACK, krnio_putch
a000 - a000 : SSTACK, krnio_close
a000 - a000 : SSTACK, length
a000 - a000 : SSTACK, deleteFirst
a000 - a000 : SSTACK, putchar
9fc2 - 9fc2 : SSTACK, printList
a000 - a000 : SSTACK, krnio_chkin
a000 - a000 : SSTACK, krnio_chrin
a000 - a000 : SSTACK, krnio_status
a000 - a000 : SSTACK, krnio_getch
a000 - a000 : SSTACK, atof
9ffc - a000 : SSTACK, log
9fc2 - 9fc2 : SSTACK, mylog
9fc2 - 9fc2 : SSTACK, circlepi
9fc2 - 9fc2 : SSTACK, fact
a000 - a000 : SSTACK, rand
9fc2 - 9fc2 : SSTACK, roll
9fc2 - 9fc2 : SSTACK, iota
a000 - a000 : SSTACK, clock
9fc2 - 9fc2 : SSTACK, ibeam20
9fc2 - 9fc2 : SSTACK, ibeam21
a000 - a000 : SSTACK, putch
a000 - a000 : SSTACK, atomicvector
a000 - a000 : SSTACK, next_char
a000 - a000 : SSTACK, init_scanner
a000 - a000 : SSTACK, is_space
a000 - a000 : SSTACK, isdigit
a000 - a000 : SSTACK, string_to_number
a000 - a000 : SSTACK, make_token
9fc2 - 9fc2 : SSTACK, next_token
a000 - a000 : SSTACK, exit
a000 - a000 : SSTACK, NewTree
9fc2 - 9fc2 : SSTACK, print_token
a000 - a000 : SSTACK, NewLeaf
9fc2 - 9fc2 : SSTACK, parse_leaf

regions
0801 - 0900 : 007c, 007c, startup
0900 - 0a00 : 0000, 0000, bytecode
0a00 - 9000 : 63b2, 648a, main

objects
0801 - 087d : startup, NATIVE_CODE:startup
5d4f - 5d50 : spentry, DATA:data
6db2 - 6db2 : BSSStart, START:bss
6e8a - 6e8a : BSSEnd, END:bss
9fa9 - 9fa9 : StackEnd, END:stack
0a00 - 1d56 : main, BYTE_CODE:code
1d56 - 1e23 : malloc, BYTE_CODE:code
5d50 - 5d51 : freeHeapInit, DATA:data
6e8a - 6e8a : HeapStart, START:heap
6db2 - 6db4 : freeHeap, DATA:bss
9000 - 9000 : HeapEnd, END:heap
6db4 - 6ddd : spaces, DATA:bss
1e23 - 1e4c : *, DATA:code
6ddd - 6ddf : xpos, DATA:bss
6ddf - 6de1 : ypos, DATA:bss
1e4c - 1e7c : memcpy, NATIVE_CODE:code
5d51 - 6d51 : data, DATA:data
1e7c - 1e98 : vic_setbank, BYTE_CODE:code
6de1 - 6de3 : i, DATA:bss
1e98 - 1eea : cwin_init, BYTE_CODE:code
6d51 - 6d83 : mul40, DATA:data
6de3 - 6ded : outputwin, DATA:bss
1eea - 1f06 : cwin_clear, BYTE_CODE:code
1f06 - 1f4f : cwin_fill, BYTE_CODE:code
1f4f - 1f65 : fill_fwd, NATIVE_CODE:code
6ded - 6df7 : inputwin, DATA:bss
6df7 - 6e01 : msgwin, DATA:bss
1f65 - 1f70 : initsidrandom, BYTE_CODE:code
1f70 - 1f7e : *, NATIVE_CODE:code
1f7e - 1fd6 : corral, BYTE_CODE:code
6e01 - 6e02 : c, DATA:bss
6e02 - 6e1b : tmpstring, DATA:bss
6e1b - 6e34 : inputstring, DATA:bss
1fd6 - 2023 : *, NATIVE_CODE:code
2023 - 202e : gotoxy, BYTE_CODE:code
202e - 2037 : *, NATIVE_CODE:code
2037 - 2062 : printf, BYTE_CODE:code
2062 - 2775 : sformat, BYTE_CODE:code
2775 - 2780 : puts, BYTE_CODE:code
2780 - 2792 : *, NATIVE_CODE:code
2792 - 27be : putpch, NATIVE_CODE:code
6d83 - 6d84 : giocharmap, DATA:data
27be - 2942 : nforml, BYTE_CODE:code
2942 - 2cdf : nformf, BYTE_CODE:code
2cdf - 2cfd : isinf, BYTE_CODE:code
9ffc - a000 : *, BSS:isinf
9ff4 - 9ffc : *, BSS:sformat
9fc2 - 9ff4 : *, BSS:printf
2cfd - 2d00 : *, DATA:code
2d00 - 2d06 : *, NATIVE_CODE:code
2d06 - 2d5e : cwin_putat_string, NATIVE_CODE:code
6d84 - 6d8c : p2smap, DATA:data
2d5e - 2d61 : *, DATA:code
2d61 - 2dbe : delete, BYTE_CODE:code
6d8c - 6d8e : head, DATA:data
2dbe - 2f43 : insertFirst, BYTE_CODE:code
6e34 - 6e36 : tvec, DATA:bss
2f43 - 2f6b : calloc, BYTE_CODE:code
2f6b - 2fa3 : memclr, BYTE_CODE:code
2fa3 - 2fc3 : *, DATA:code
2fc3 - 2fc8 : *, DATA:code
2fc8 - 2fe3 : *, DATA:code
2fe3 - 307b : atoi, BYTE_CODE:code
9fa9 - 9fc2 : *, BSS:insertFirst
307b - 3094 : *, DATA:code
3094 - 30d9 : print, BYTE_CODE:code
30d9 - 310c : strlen, NATIVE_CODE:code
310c - 3134 : printLn, BYTE_CODE:code
3134 - 3196 : checkScroll, BYTE_CODE:code
3196 - 31fe : cwin_scroll_up, BYTE_CODE:code
31fe - 3213 : copy_fwd, NATIVE_CODE:code
3213 - 328c : cwin_fill_rect_raw, BYTE_CODE:code
328c - 32db : cwin_put_string, BYTE_CODE:code
32db - 32e2 : *, DATA:code
32e2 - 32eb : *, DATA:code
32eb - 32f8 : *, DATA:code
32f8 - 3324 : find, BYTE_CODE:code
3324 - 332b : *, DATA:code
6e36 - 6e38 : arraycols, DATA:bss
6e38 - 6e3a : arrayrows, DATA:bss
6e3a - 6e3c : j, DATA:bss
6e3c - 6e3e : sumhere, DATA:bss
332b - 33dd : itoa, BYTE_CODE:code
6e3e - 6e57 : tempstring, DATA:bss
33dd - 33df : *, DATA:code
33df - 33f2 : *, DATA:code
33f2 - 33f9 : *, DATA:code
33f9 - 33fb : *, DATA:code
33fb - 3409 : *, DATA:code
3409 - 3410 : *, DATA:code
6d8e - 6d90 : div0by0is1, DATA:data
3410 - 3412 : *, DATA:code
3412 - 3425 : *, DATA:code
3425 - 3437 : *, DATA:code
3437 - 3453 : *, DATA:code
3453 - 345a : *, DATA:code
6e57 - 6e59 : arraycolsb, DATA:bss
345a - 345c : *, DATA:code
345c - 3477 : *, DATA:code
3477 - 3479 : *, DATA:code
3479 - 3495 : *, DATA:code
6d90 - 6d92 : isneg, DATA:data
3495 - 34df : cwin_put_char, BYTE_CODE:code
34df - 352d : cwin_putat_char, NATIVE_CODE:code
352d - 352f : *, DATA:code
352f - 3536 : *, DATA:code
3536 - 3757 : reversem, BYTE_CODE:code
3757 - 375e : *, DATA:code
375e - 3785 : *, DATA:code
3785 - 3798 : *, DATA:code
3798 - 379c : *, DATA:code
379c - 37ae : *, DATA:code
6e59 - 6e72 : charstring, DATA:bss
37ae - 37b0 : *, DATA:code
37b0 - 37b4 : *, DATA:code
9fa9 - 9fc2 : *, BSS:reversem
37b4 - 3975 : gradeup, BYTE_CODE:code
3975 - 397c : *, DATA:code
397c - 39a5 : *, DATA:code
39a5 - 39a7 : *, DATA:code
9fa9 - 9fc2 : *, BSS:gradeup
39a7 - 39b3 : *, DATA:code
39b3 - 3b74 : gradedown, BYTE_CODE:code
3b74 - 3b7b : *, DATA:code
3b7b - 3ba4 : *, DATA:code
3ba4 - 3ba6 : *, DATA:code
9fa9 - 9fc2 : *, BSS:gradedown
3ba6 - 3bad : *, DATA:code
3bad - 3bc4 : krnio_setnam, NATIVE_CODE:code
3bc4 - 3bd5 : *, DATA:code
3bd5 - 3bfe : krnio_open, NATIVE_CODE:code
6e72 - 6e82 : krnio_pstatus, DATA:bss
3bfe - 3c29 : krnio_putch, BYTE_CODE:code
3c29 - 3c3a : krnio_chkout, NATIVE_CODE:code
3c3a - 3c47 : krnio_chrout, NATIVE_CODE:code
3c47 - 3c4c : krnio_clrchn, NATIVE_CODE:code
3c4c - 3c53 : krnio_close, NATIVE_CODE:code
3c53 - 3c69 : *, DATA:code
3c69 - 3c90 : *, DATA:code
3c90 - 3cb2 : length, BYTE_CODE:code
6e82 - 6e84 : listlength, DATA:bss
3cb2 - 3cc9 : deleteFirst, BYTE_CODE:code
3cc9 - 3dd2 : printList, BYTE_CODE:code
3dd2 - 3dd4 : *, DATA:code
3dd4 - 3ddf : putchar, BYTE_CODE:code
3ddf - 3de4 : *, NATIVE_CODE:code
3de4 - 3dee : *, DATA:code
3dee - 3df4 : *, DATA:code
3df4 - 3df6 : *, DATA:code
3df6 - 3dfb : *, DATA:code
3dfb - 3dfd : *, DATA:code
3dfd - 3dff : *, DATA:code
3dff - 3e10 : krnio_chkin, NATIVE_CODE:code
3e10 - 3e1b : krnio_chrin, NATIVE_CODE:code
3e1b - 3e22 : *, DATA:code
3e22 - 3e30 : *, DATA:code
3e30 - 3e91 : krnio_getch, BYTE_CODE:code
3e91 - 3e9c : krnio_status, NATIVE_CODE:code
3e9c - 3ea5 : *, DATA:code
3ea5 - 3ead : *, DATA:code
3ead - 3eb4 : *, DATA:code
3eb4 - 3eba : *, DATA:code
3eba - 3f07 : mylog, BYTE_CODE:code
3f07 - 3f1b : *, DATA:code
3f1b - 414d : atof, BYTE_CODE:code
6d92 - 6dae : tpow10, DATA:data
414d - 41d6 : log, BYTE_CODE:code
9ffc - a000 : *, BSS:log
41d6 - 41d9 : *, DATA:code
41d9 - 41db : *, DATA:code
41db - 41e5 : *, DATA:code
41e5 - 41ee : *, DATA:code
41ee - 41fa : *, DATA:code
41fa - 424a : circlepi, BYTE_CODE:code
424a - 425b : *, DATA:code
425b - 425e : *, DATA:code
425e - 4260 : *, DATA:code
4260 - 4269 : *, DATA:code
4269 - 4278 : *, DATA:code
4278 - 4281 : *, DATA:code
4281 - 428a : *, DATA:code
428a - 4292 : *, DATA:code
4292 - 429f : *, DATA:code
429f - 431b : fact, BYTE_CODE:code
431b - 4327 : *, DATA:code
4327 - 4339 : *, DATA:code
4339 - 436e : *, DATA:code
436e - 4386 : *, DATA:code
4386 - 4390 : *, DATA:code
4390 - 4396 : *, DATA:code
4396 - 439c : *, DATA:code
439c - 43a1 : *, DATA:code
43a1 - 43a8 : *, DATA:code
43a8 - 43ae : *, DATA:code
43ae - 43b4 : *, DATA:code
43b4 - 43bc : *, DATA:code
43bc - 43c5 : *, DATA:code
43c5 - 43cc : *, NATIVE_CODE:code
43cc - 43da : *, DATA:code
43da - 4408 : roll, BYTE_CODE:code
4408 - 442c : rand, BYTE_CODE:code
6dae - 6db0 : seed, DATA:data
442c - 4430 : *, DATA:code
4430 - 4434 : *, DATA:code
4434 - 443a : *, DATA:code
443a - 4441 : *, DATA:code
4441 - 444d : *, DATA:code
444d - 4698 : iota, BYTE_CODE:code
4698 - 46a1 : *, DATA:code
46a1 - 46af : *, DATA:code
46af - 46b6 : *, DATA:code
46b6 - 46b8 : *, DATA:code
46b8 - 46c3 : *, DATA:code
46c3 - 46c8 : *, DATA:code
46c8 - 46d8 : *, DATA:code
46d8 - 46dd : *, DATA:code
46dd - 46ef : *, DATA:code
46ef - 46f9 : *, DATA:code
46f9 - 470e : *, DATA:code
470e - 4713 : *, DATA:code
4713 - 471b : *, DATA:code
471b - 4724 : *, DATA:code
4724 - 472b : *, DATA:code
472b - 4736 : *, DATA:code
4736 - 4740 : *, DATA:code
4740 - 4749 : *, DATA:code
4749 - 47b4 : ibeam20, BYTE_CODE:code
47b4 - 47ce : *, DATA:code
47ce - 47d5 : *, NATIVE_CODE:code
47d5 - 47f5 : *, DATA:code
47f5 - 47fb : *, DATA:code
47fb - 4801 : *, DATA:code
4801 - 4806 : *, DATA:code
4806 - 4811 : clock, BYTE_CODE:code
4811 - 4822 : *, NATIVE_CODE:code
4822 - 482f : *, DATA:code
482f - 485d : ibeam21, BYTE_CODE:code
485d - 487f : *, DATA:code
487f - 4893 : *, DATA:code
4893 - 4924 : atomicvector, BYTE_CODE:code
4924 - 4932 : *, DATA:code
4932 - 493d : putch, BYTE_CODE:code
493d - 4943 : *, NATIVE_CODE:code
4943 - 494c : *, DATA:code
494c - 4967 : *, DATA:code
4967 - 498e : *, DATA:code
498e - 4995 : *, DATA:code
4995 - 49b0 : *, DATA:code
49b0 - 49b2 : *, DATA:code
49b2 - 49d0 : *, DATA:code
49d0 - 4a17 : parse_expr, BYTE_CODE:code
4a17 - 4a2f : init_scanner, BYTE_CODE:code
6db0 - 6db2 : position, DATA:data
4a2f - 4a4e : next_char, BYTE_CODE:code
6e84 - 6e85 : current_char, DATA:bss
4a4e - 4af8 : next_token, BYTE_CODE:code
4af8 - 4b26 : is_space, BYTE_CODE:code
4b26 - 4b48 : isdigit, BYTE_CODE:code
4b48 - 4b82 : string_to_number, BYTE_CODE:code
6e85 - 6e86 : token, DATA:bss
6e86 - 6e88 : number, DATA:bss
4b82 - 4b97 : make_token, BYTE_CODE:code
4b97 - 4bb1 : *, DATA:code
4bb1 - 4bd5 : parse_arith_expr, BYTE_CODE:code
4bd5 - 4c37 : parse_expressions, BYTE_CODE:code
4c37 - 4c70 : NewTree, BYTE_CODE:code
4c70 - 4c7b : exit, BYTE_CODE:code
4c7b - 4c90 : *, NATIVE_CODE:code
4c90 - 4cb4 : parse_term, BYTE_CODE:code
4cb4 - 4d3b : parse_factor, BYTE_CODE:code
4d3b - 4d5a : *, DATA:code
4d5a - 4dfa : print_token, BYTE_CODE:code
4dfa - 4dfd : *, DATA:code
4dfd - 4e10 : *, DATA:code
4e10 - 4e12 : *, DATA:code
4e12 - 4e2e : parse_leaf, BYTE_CODE:code
4e2e - 4e65 : NewLeaf, BYTE_CODE:code
4e65 - 4e78 : *, DATA:code
4e78 - 4e7a : *, DATA:code
4e7a - 4e9d : *, DATA:code
4e9d - 4e9f : *, DATA:code
6e88 - 6e8a : pp, DATA:bss
4e9f - 4eb7 : *, DATA:code
4eb7 - 4eda : print_tree, BYTE_CODE:code
4eda - 4f7a : print_subtree, BYTE_CODE:code
4f7a - 4f7e : *, DATA:code
4f7e - 4f99 : *, DATA:code
4f99 - 4fde : freg, NATIVE_CODE:code
4fde - 50c5 : faddsub, NATIVE_CODE:code
50c5 - 5166 : fmul, NATIVE_CODE:code
5166 - 5194 : fmul8, NATIVE_CODE:code
5194 - 5242 : fdiv, NATIVE_CODE:code
5242 - 5250 : negaccu, NATIVE_CODE:code
5250 - 525e : negtmp, NATIVE_CODE:code
525e - 52e3 : divmod, NATIVE_CODE:code
52e3 - 5325 : f32_to_i16, NATIVE_CODE:code
5325 - 5343 : sint16_to_float, NATIVE_CODE:code
5343 - 5370 : uint16_to_float, NATIVE_CODE:code
5370 - 538a : negaccu32, NATIVE_CODE:code
538a - 5420 : divmod32, NATIVE_CODE:code
5420 - 5427 : inp_op_ext_u16, NATIVE_CODE:code
5427 - 543b : inp_binop_div_u32, NATIVE_CODE:code
543b - 545f : inp_binop_mod_u32, NATIVE_CODE:code
545f - 5490 : inp_op_cmp_u32, NATIVE_CODE:code
5490 - 54c9 : inp_op_cmp_s32, NATIVE_CODE:code
0900 - 0900 : bytecode, RUNTIME:bytecode
54c9 - 54cc : inp_nop, NATIVE_CODE:code
54cc - 54d7 : inp_const_8, NATIVE_CODE:code
54d7 - 54e6 : inp_const_p8, NATIVE_CODE:code
54e6 - 54f5 : inp_const_n8, NATIVE_CODE:code
54f5 - 5505 : inp_const_16, NATIVE_CODE:code
5505 - 551f : inp_const_32, NATIVE_CODE:code
551f - 552d : inp_load_reg_8, NATIVE_CODE:code
552d - 5537 : inp_store_reg_8, NATIVE_CODE:code
5537 - 5545 : inp_load_reg_16, NATIVE_CODE:code
5545 - 5553 : inp_store_reg_16, NATIVE_CODE:code
5553 - 5561 : inp_addr_reg, NATIVE_CODE:code
5561 - 5577 : inp_load_reg_32, NATIVE_CODE:code
5577 - 558d : inp_store_reg_32, NATIVE_CODE:code
558d - 55b1 : inp_load_abs_8, NATIVE_CODE:code
55b1 - 55d9 : inp_load_abs_u8, NATIVE_CODE:code
55d9 - 5602 : inp_load_abs_16, NATIVE_CODE:code
5602 - 5635 : inp_load_abs_32, NATIVE_CODE:code
5635 - 564f : inp_load_abs_addr, NATIVE_CODE:code
564f - 5673 : inp_store_abs_8, NATIVE_CODE:code
5673 - 569c : inp_store_abs_16, NATIVE_CODE:code
569c - 56cf : inp_store_abs_32, NATIVE_CODE:code
56cf - 56df : inp_lea_abs, NATIVE_CODE:code
56df - 56f4 : inp_lea_abs_index, NATIVE_CODE:code
56f4 - 5707 : inp_lea_accu_index, NATIVE_CODE:code
5707 - 5717 : inp_load_local_8, NATIVE_CODE:code
5717 - 572b : inp_load_local_u8, NATIVE_CODE:code
572b - 5740 : inp_load_local_16, NATIVE_CODE:code
5740 - 575f : inp_load_local_32, NATIVE_CODE:code
575f - 5774 : inp_store_local_16, NATIVE_CODE:code
5774 - 5793 : inp_store_local_32, NATIVE_CODE:code
5793 - 57a8 : inp_lea_local, NATIVE_CODE:code
57a8 - 57b8 : inp_store_frame_8, NATIVE_CODE:code
57b8 - 57cd : inp_store_frame_16, NATIVE_CODE:code
57cd - 57ec : inp_store_frame_32, NATIVE_CODE:code
57ec - 57ff : inp_binop_addr_16, NATIVE_CODE:code
57ff - 5812 : inp_binop_subr_16, NATIVE_CODE:code
5812 - 5824 : inp_binop_orr_16, NATIVE_CODE:code
5824 - 5836 : inp_binop_xorr_16, NATIVE_CODE:code
5836 - 586e : inp_binop_mulr_16, NATIVE_CODE:code
586e - 587f : inp_binop_divr_u16, NATIVE_CODE:code
587f - 5898 : inp_binop_modr_u16, NATIVE_CODE:code
5898 - 58c7 : inp_binop_divr_s16, NATIVE_CODE:code
58c7 - 5906 : inp_binop_modr_s16, NATIVE_CODE:code
5906 - 5919 : inp_binop_adda_16, NATIVE_CODE:code
5919 - 592e : inp_binop_addi_16, NATIVE_CODE:code
592e - 5943 : inp_binop_subi_16, NATIVE_CODE:code
5943 - 5957 : inp_binop_andi_16, NATIVE_CODE:code
5957 - 596b : inp_binop_ori_16, NATIVE_CODE:code
596b - 59a6 : inp_binop_muli8_16, NATIVE_CODE:code
59a6 - 59b4 : inp_binop_addi_8, NATIVE_CODE:code
59b4 - 59c1 : inp_binop_andi_8, NATIVE_CODE:code
59c1 - 59db : inp_binop_shl_16, NATIVE_CODE:code
59db - 59f5 : inp_binop_shr_u16, NATIVE_CODE:code
59f5 - 5a11 : inp_binop_shr_s16, NATIVE_CODE:code
5a11 - 5a73 : cmp16, NATIVE_CODE:code
5a73 - 5abf : cmp8, NATIVE_CODE:code
5abf - 5acf : inp_op_negate_16, NATIVE_CODE:code
5acf - 5ade : inp_op_invert_16, NATIVE_CODE:code
5ade - 5ae7 : inp_binop_add_f32, NATIVE_CODE:code
5ae7 - 5af6 : inp_binop_sub_f32, NATIVE_CODE:code
5af6 - 5b03 : inp_binop_mul_f32, NATIVE_CODE:code
5b03 - 5b0c : inp_binop_div_f32, NATIVE_CODE:code
5b0c - 5b73 : inp_binop_cmp_f32, NATIVE_CODE:code
5b73 - 5b7c : inp_op_negate_f32, NATIVE_CODE:code
5b7c - 5b82 : inp_conv_i16_f32, NATIVE_CODE:code
5b82 - 5b88 : inp_conv_f32_i16, NATIVE_CODE:code
5b88 - 5bda : bra, NATIVE_CODE:code
5bda - 5c28 : braf, NATIVE_CODE:code
5c28 - 5c35 : loopu8, NATIVE_CODE:code
5c35 - 5c50 : inp_jsr, NATIVE_CODE:code
5c50 - 5c70 : inp_native, NATIVE_CODE:code
5c70 - 5ca9 : inp_enter, NATIVE_CODE:code
5ca9 - 5ce3 : inp_return, NATIVE_CODE:code
5ce3 - 5d07 : inp_call, NATIVE_CODE:code
5d07 - 5d18 : inp_push_frame, NATIVE_CODE:code
5d18 - 5d29 : inp_pop_frame, NATIVE_CODE:code
5d29 - 5d39 : inp_strcpy, NATIVE_CODE:code
5d39 - 5d4f : inp_op_extrt, NATIVE_CODE:code
